// Jest Snapshot v1, https://goo.gl/fbAQLP

exports[`Tag should be match snapshot 1`] = `
<Component
  type="success"
>
  <TagComponent
    theme={
      Object {
        "frame": Object {
          "border": Object {
            "default": "1px solid #d6d6d6",
            "lineStyle": "solid",
            "lineWidth": "1px",
            "radius": Object {
              "l": "8px",
              "m": "6px",
              "s": "3px",
            },
          },
        },
        "interaction": Object {
          "hover": Object {
            "animation": ".3s ease-out",
            "animationDuration": ".3s",
            "animationTiming": "ease-out",
            "feedbackOpacity": ".7",
          },
        },
        "palette": Object {
          "BACKGROUND": "#f5f6fa",
          "BORDER": "#d6d6d6",
          "COLUMN": "#f9f9f9",
          "DANGER": "#ef475b",
          "MAIN": "#00a5ab",
          "OVERLAY": "rgba(0,0,0,0.15)",
          "SCRIM": "rgba(0,0,0,0.5)",
          "TEXT_BLACK": "#333",
          "TEXT_GREY": "#767676",
          "WARNING": "#ff8800",
          "hoverColor": [Function],
        },
        "size": Object {
          "font": Object {
            "grande": 16,
            "short": 13,
            "tall": 14,
            "tasting": 12,
            "trenta": 22,
            "venti": 20,
          },
          "mediaQuery": Object {
            "sp": 599,
            "tablet": 959,
          },
          "pxToRem": [Function],
          "space": Object {
            "l": 40,
            "m": 32,
            "s": 24,
            "xl": 48,
            "xs": 16,
            "xxl": 56,
            "xxs": 8,
          },
        },
      }
    }
    type="success"
  >
    <styled.span
      className="success"
      skeleton={false}
      theme={
        Object {
          "frame": Object {
            "border": Object {
              "default": "1px solid #d6d6d6",
              "lineStyle": "solid",
              "lineWidth": "1px",
              "radius": Object {
                "l": "8px",
                "m": "6px",
                "s": "3px",
              },
            },
          },
          "interaction": Object {
            "hover": Object {
              "animation": ".3s ease-out",
              "animationDuration": ".3s",
              "animationTiming": "ease-out",
              "feedbackOpacity": ".7",
            },
          },
          "palette": Object {
            "BACKGROUND": "#f5f6fa",
            "BORDER": "#d6d6d6",
            "COLUMN": "#f9f9f9",
            "DANGER": "#ef475b",
            "MAIN": "#00a5ab",
            "OVERLAY": "rgba(0,0,0,0.15)",
            "SCRIM": "rgba(0,0,0,0.5)",
            "TEXT_BLACK": "#333",
            "TEXT_GREY": "#767676",
            "WARNING": "#ff8800",
            "hoverColor": [Function],
          },
          "size": Object {
            "font": Object {
              "grande": 16,
              "short": 13,
              "tall": 14,
              "tasting": 12,
              "trenta": 22,
              "venti": 20,
            },
            "mediaQuery": Object {
              "sp": 599,
              "tablet": 959,
            },
            "pxToRem": [Function],
            "space": Object {
              "l": 40,
              "m": 32,
              "s": 24,
              "xl": 48,
              "xs": 16,
              "xxl": 56,
              "xxs": 8,
            },
          },
        }
      }
    >
      <StyledComponent
        className="success"
        forwardedComponent={
          Object {
            "$$typeof": Symbol(react.forward_ref),
            "attrs": Array [],
            "componentStyle": ComponentStyle {
              "componentId": "sc-bdVaJa",
              "isStatic": false,
              "lastClassName": "iISWOs",
              "rules": Array [
                "
  ",
                [Function],
                "
",
              ],
            },
            "displayName": "styled.span",
            "foldedComponentIds": Array [],
            "render": [Function],
            "styledComponentId": "sc-bdVaJa",
            "target": "span",
            "toString": [Function],
            "warnTooManyClasses": [Function],
            "withComponent": [Function],
          }
        }
        forwardedRef={null}
        skeleton={false}
        theme={
          Object {
            "frame": Object {
              "border": Object {
                "default": "1px solid #d6d6d6",
                "lineStyle": "solid",
                "lineWidth": "1px",
                "radius": Object {
                  "l": "8px",
                  "m": "6px",
                  "s": "3px",
                },
              },
            },
            "interaction": Object {
              "hover": Object {
                "animation": ".3s ease-out",
                "animationDuration": ".3s",
                "animationTiming": "ease-out",
                "feedbackOpacity": ".7",
              },
            },
            "palette": Object {
              "BACKGROUND": "#f5f6fa",
              "BORDER": "#d6d6d6",
              "COLUMN": "#f9f9f9",
              "DANGER": "#ef475b",
              "MAIN": "#00a5ab",
              "OVERLAY": "rgba(0,0,0,0.15)",
              "SCRIM": "rgba(0,0,0,0.5)",
              "TEXT_BLACK": "#333",
              "TEXT_GREY": "#767676",
              "WARNING": "#ff8800",
              "hoverColor": [Function],
            },
            "size": Object {
              "font": Object {
                "grande": 16,
                "short": 13,
                "tall": 14,
                "tasting": 12,
                "trenta": 22,
                "venti": 20,
              },
              "mediaQuery": Object {
                "sp": 599,
                "tablet": 959,
              },
              "pxToRem": [Function],
              "space": Object {
                "l": 40,
                "m": 32,
                "s": 24,
                "xl": 48,
                "xs": 16,
                "xxl": 56,
                "xxs": 8,
              },
            },
          }
        }
      >
        <span
          className="success sc-bdVaJa iISWOs"
        >
          hello
        </span>
      </StyledComponent>
    </styled.span>
  </TagComponent>
</Component>
`;
